// Jest Snapshot v1, https://goo.gl/fbAQLP

exports[`should render ExpenseList with empty message 1`] = `
<div>
  <h1>
    Expenses
  </h1>
  <p>
    No expenses yet!
  </p>
</div>
`;

exports[`should render ExpenseList with expenses 1`] = `
<div>
  <h1>
    Expenses
  </h1>
  <ExpenseListItem
    amount={195}
    created={0}
    description="Gum"
    id="1"
    key="1"
    note=""
  />
  <ExpenseListItem
    amount={109500}
    created={-345600000}
    description="Rent"
    id="2"
    key="2"
    note=""
  />
  <ExpenseListItem
    amount={4095}
    created={345600000}
    description="Credit Card"
    id="3"
    key="3"
    note=""
  />
</div>
`;
