// Jest Snapshot v1, https://goo.gl/fbAQLP

exports[`should render ExpenseDashboardPage correctly 1`] = `
<div>
  <h1>
    This is from my dashboard 
  </h1>
  <Connect(ExpenseListFilters) />
  <Connect(ExpenseList) />
</div>
`;
