// Jest Snapshot v1, https://goo.gl/fbAQLP

exports[`should render ExpenseListItem with Expense 1`] = `
<div>
  <h3>
    <Link
      replace={false}
      to="/edit/2"
    >
      Rent
    </Link>
  </h3>
  <p>
    $
    1095.00
     - 
    -345600000
  </p>
</div>
`;
